"","Overlap"
"Streptococcus",0.8712815238349155
"Rothia",0.7683421205040871
"Actinomyces",0.7098915626431397
"Neisseria",0.8894909615820236
"Fusobacterium",0.8411768008769336
"Atopobium",0.5204870790909552
"Stenotrophomonas",0.9961447387853631
"Nesterenkonia",0.9632609559584424
"Peptostreptococcus",0.8381873175217089
"Gemella",0.922579582939352
"Parvimonas",0.8970295788529907
"Acinetobacter",0.4492534450912467
"Prevotella",0.8161940940247419
"Granulicatella",0.4729906873246045
"Veillonella",0.8617589429886456
"Moraxella",0.9978899705212061
"Microbacterium",0.04269566065308921
"Ralstonia",0.5889183906871118
"Cardiobacterium",0.8940991250550021
"Capnocytophaga",0.7238096809600386
"Staphylococcus",0.7165762676988868
"Pseudomonas",0.7415567706190509
"Oribacterium",0.6578653518466592
"Slackia",0.8117856859352842
"Solobacterium",0.7010510806880844
"Mycoplasma",0.8125365146328369
"Corynebacterium",0.22565132449624048
"Propionibacterium",0.08341483713924026
"Anaerococcus",0.8438616141174848
"Alcaligenes",0.698137369343899
"Mogibacterium",0.9381134392475
"Atopostipes",0.9964084980091688
"Tannerella",0.48644134333889616
"Haemophilus",0.2598334646965683
"Dolosigranulum",0.7247719681718303
"Porphyromonas",0.7490726293761728
"Alcanivorax",0.8993187639357012
"Planococcus",1.0
"Micrococcus",0.9791631863892413
"Dialister",0.5692299153337597
"Lactobacillus",0.8671055424707688
"Catonella",0.5721646182401358
"Abiotrophia",0.8730430436254262
"Megasphaera",0.5299724116021387
"Peptoniphilus",0.5160928363028272
"Aggregatibacter",0.6707556506462747
"Hymenobacter",0.9328938793969133
"Actinopolyspora",0.11330567819056654
"Finegoldia",0.8180207941748255
"Nocardioides",0.5219398538667736
"Bulleidia",0.3032714052098725
"Rubellimicrobium",0.8688548875263106
"Salinicoccus",0.7094696361400715
"Massilia",0.7427037759178458
"Amaricoccus",0.8894999999516444
"Paracoccus",0.4759374952002239
"Leptotrichia",0.7741602789264841
